To honour the JVM settings for this build a single-use Daemon process will be forked. For more on this, please refer to https://docs.gradle.org/8.14.3/userguide/gradle_daemon.html#sec:disabling_the_daemon in the Gradle documentation.
Daemon will be stopped at the end of the build 

> Configure project :
WARNING: The option setting 'android.aapt2FromMavenOverride=/home/muammar/.buildozer/android/platform/android-sdk/build-tools/37.0.0/aapt2' is experimental.

> Task :preBuild UP-TO-DATE
> Task :preDebugBuild UP-TO-DATE
> Task :mergeDebugNativeDebugMetadata NO-SOURCE
> Task :javaPreCompileDebug
> Task :checkDebugAarMetadata
> Task :generateDebugResValues
> Task :mapDebugSourceSetPaths
> Task :generateDebugResources
> Task :mergeDebugResources
> Task :packageDebugResources
> Task :createDebugCompatibleScreenManifests
> Task :extractDeepLinksDebug
> Task :parseDebugLocalResources
> Task :processDebugMainManifest
> Task :processDebugManifest
> Task :mergeDebugShaders
> Task :compileDebugShaders NO-SOURCE
> Task :generateDebugAssets UP-TO-DATE
> Task :mergeDebugAssets
> Task :processDebugJavaRes NO-SOURCE
> Task :processDebugManifestForPackage
> Task :checkDebugDuplicateClasses
> Task :mergeDebugJavaResource
> Task :processDebugResources
> Task :mergeLibDexDebug
> Task :desugarDebugFileDependencies

> Task :compileDebugJavaWithJavac
Java compiler version 21 has deprecated support for compiling with source/target version 8.
Try one of the following options:
    1. [Recommended] Use Java toolchain with a lower language version
    2. Set a higher source/target version
    3. Use a lower version of the JDK running the build (if you're not using Java toolchain)
For more details on how to configure these settings, see https://developer.android.com/build/jdks.
To suppress this warning, set android.javaCompile.suppressSourceTargetDeprecationWarning=true in gradle.properties.
warning: [options] source value 8 is obsolete and will be removed in a future release
warning: [options] target value 8 is obsolete and will be removed in a future release
warning: [options] To suppress warnings about obsolete options, use -Xlint:-options.
Note: Some input files use or override a deprecated API.
Note: Recompile with -Xlint:deprecation for details.
3 warnings

> Task :mergeExtDexDebug
> Task :dexBuilderDebug
> Task :mergeProjectDexDebug
> Task :mergeDebugJniLibFolders
> Task :validateSigningDebug
> Task :writeDebugAppMetadata
> Task :writeDebugSigningConfigVersions
> Task :compressDebugAssets
> Task :mergeDebugNativeLibs
> Task :stripDebugDebugSymbols
> Task :packageDebug
> Task :createDebugApkListingFileRedirect
> Task :assembleDebug

[Incubating] Problems report is available at: file:///home/muammar/aplikasiMp3/.buildozer/android/platform/build-arm64-v8a/dists/amarPlayer/build/reports/problems/problems-report.html

Deprecated Gradle features were used in this build, making it incompatible with Gradle 9.0.

You can use '--warning-mode all' to show the individual deprecation warnings and determine if they come from your own scripts or plugins.

For more on this, please refer to https://docs.gradle.org/8.14.3/userguide/command_line_interface.html#sec:command_line_warnings in the Gradle documentation.

BUILD SUCCESSFUL in 17s
33 actionable tasks: 33 executed
