To honour the JVM settings for this build a single-use Daemon process will be forked. For more on this, please refer to https://docs.gradle.org/8.14.3/userguide/gradle_daemon.html#sec:disabling_the_daemon in the Gradle documentation.
Daemon will be stopped at the end of the build 

> Configure project :
WARNING: The option setting 'android.aapt2FromMavenOverride=/home/muammar/.buildozer/android/platform/android-sdk/build-tools/37.0.0/aapt2' is experimental.

> Task :preBuild UP-TO-DATE
> Task :preDebugBuild UP-TO-DATE
> Task :mergeDebugNativeDebugMetadata NO-SOURCE
> Task :javaPreCompileDebug UP-TO-DATE
> Task :checkDebugAarMetadata UP-TO-DATE
> Task :generateDebugResValues UP-TO-DATE
> Task :mapDebugSourceSetPaths UP-TO-DATE
> Task :generateDebugResources UP-TO-DATE
> Task :packageDebugResources
> Task :parseDebugLocalResources UP-TO-DATE
> Task :createDebugCompatibleScreenManifests UP-TO-DATE
> Task :extractDeepLinksDebug UP-TO-DATE
> Task :processDebugMainManifest UP-TO-DATE
> Task :mergeDebugResources
> Task :processDebugManifest UP-TO-DATE
> Task :processDebugManifestForPackage UP-TO-DATE
> Task :mergeDebugShaders UP-TO-DATE
> Task :compileDebugShaders NO-SOURCE
> Task :generateDebugAssets UP-TO-DATE
> Task :mergeDebugAssets UP-TO-DATE
> Task :compressDebugAssets UP-TO-DATE
> Task :processDebugJavaRes NO-SOURCE
> Task :mergeDebugJavaResource UP-TO-DATE
> Task :checkDebugDuplicateClasses UP-TO-DATE
> Task :desugarDebugFileDependencies UP-TO-DATE
> Task :mergeExtDexDebug UP-TO-DATE
> Task :mergeLibDexDebug UP-TO-DATE
> Task :mergeDebugJniLibFolders UP-TO-DATE
> Task :mergeDebugNativeLibs UP-TO-DATE
> Task :stripDebugDebugSymbols UP-TO-DATE
> Task :validateSigningDebug UP-TO-DATE
> Task :writeDebugAppMetadata UP-TO-DATE
> Task :writeDebugSigningConfigVersions UP-TO-DATE
> Task :processDebugResources
> Task :compileDebugJavaWithJavac UP-TO-DATE
> Task :dexBuilderDebug UP-TO-DATE
> Task :mergeProjectDexDebug UP-TO-DATE
> Task :packageDebug UP-TO-DATE
> Task :createDebugApkListingFileRedirect UP-TO-DATE
> Task :assembleDebug UP-TO-DATE

[Incubating] Problems report is available at: file:///home/muammar/aplikasiMp3/.buildozer/android/platform/build-arm64-v8a/dists/amarPlayer/build/reports/problems/problems-report.html

Deprecated Gradle features were used in this build, making it incompatible with Gradle 9.0.

You can use '--warning-mode all' to show the individual deprecation warnings and determine if they come from your own scripts or plugins.

For more on this, please refer to https://docs.gradle.org/8.14.3/userguide/command_line_interface.html#sec:command_line_warnings in the Gradle documentation.

BUILD SUCCESSFUL in 7s
33 actionable tasks: 3 executed, 30 up-to-date
