Invoked as: /home/muammar/aplikasiMp3/.buildozer/android/platform/build-arm64-v8a/build/other_builds/sqlite3/arm64-v8a__ndk_target_23/sqlite3/configure --disable-tcl --host=aarch64-linux-android --prefix=/home/muammar/aplikasiMp3/.buildozer/android/platform/build-arm64-v8a/build/other_builds/sqlite3/arm64-v8a__ndk_target_23/sqlite3
Tclsh: /usr/bin/tclsh
Failed: ccache /usr/bin/ccache /home/muammar/.android-ndk-arm64/r29/toolchains/llvm/prebuilt/linux-x86_64/bin/clang -target aarch64-linux-android23 -fomit-frame-pointer -march=armv8-a -fPIC -c -target aarch64-linux-android23 -fomit-frame-pointer -march=armv8-a -fPIC -DANDROID -I/home/muammar/.android-ndk-arm64/r29/toolchains/llvm/prebuilt/linux-x86_64/sysroot/usr/include -I/home/muammar/aplikasiMp3/.buildozer/android/platform/build-arm64-v8a/build/other_builds/python3/arm64-v8a__ndk_target_23/python3/android-build/android-root/include/python3.14 conftest__.c -o conftest__.o
conftest__.c:3:15: error: '_x' declared as an array with a negative size
    3 | static int _x[sizeof(off_t) == 4 ? 1 : -1] = { 1 };
      |               ^~~~~~~~~~~~~~~~~~~~~~~~~~~
1 error generated.
child process exited abnormally
============
The failed code was:
#include <sys/types.h>
int main(void) {
static int _x[sizeof(off_t) == 4 ? 1 : -1] = { 1 };
return 0;
}
============
Failed: ccache /usr/bin/ccache /home/muammar/.android-ndk-arm64/r29/toolchains/llvm/prebuilt/linux-x86_64/bin/clang -target aarch64-linux-android23 -fomit-frame-pointer -march=armv8-a -fPIC -L/home/muammar/aplikasiMp3/.buildozer/android/platform/build-arm64-v8a/build/libs_collections/amarPlayer/arm64-v8a -target aarch64-linux-android23 -fomit-frame-pointer -march=armv8-a -fPIC conftest__.c -o conftest__
ld.lld: error: undefined symbol: localtime_s
>>> referenced by conftest__.c
>>>               /tmp/conftest__-be4dd3.o:(main)
>>> did you mean: localtime_r
>>> defined in: /home/muammar/.android-ndk-arm64/r29/toolchains/llvm/prebuilt/linux-x86_64/bin/../sysroot/usr/lib/aarch64-linux-android/23/libc.so
clang: error: linker command failed with exit code 1 (use -v to see invocation)
child process exited abnormally
============
The failed code was:
extern void localtime_s(void);
int main(void) {
localtime_s();
return 0;
}
============
Failed: ccache /usr/bin/ccache /home/muammar/.android-ndk-arm64/r29/toolchains/llvm/prebuilt/linux-x86_64/bin/clang -target aarch64-linux-android23 -fomit-frame-pointer -march=armv8-a -fPIC -L/home/muammar/aplikasiMp3/.buildozer/android/platform/build-arm64-v8a/build/libs_collections/amarPlayer/arm64-v8a -target aarch64-linux-android23 -fomit-frame-pointer -march=armv8-a -fPIC conftest__.c -o conftest__
ld.lld: error: undefined symbol: strchrnul
>>> referenced by conftest__.c
>>>               /tmp/conftest__-be40e6.o:(main)
clang: error: linker command failed with exit code 1 (use -v to see invocation)
child process exited abnormally
============
The failed code was:
extern void strchrnul(void);
int main(void) {
strchrnul();
return 0;
}
============
Failed: ccache /usr/bin/ccache /home/muammar/.android-ndk-arm64/r29/toolchains/llvm/prebuilt/linux-x86_64/bin/clang -target aarch64-linux-android23 -fomit-frame-pointer -march=armv8-a -fPIC -L/home/muammar/aplikasiMp3/.buildozer/android/platform/build-arm64-v8a/build/libs_collections/amarPlayer/arm64-v8a -target aarch64-linux-android23 -fomit-frame-pointer -march=armv8-a -fPIC conftest__.c -o conftest__
ld.lld: error: undefined symbol: deflate
>>> referenced by conftest__.c
>>>               /tmp/conftest__-ff2afe.o:(main)
clang: error: linker command failed with exit code 1 (use -v to see invocation)
child process exited abnormally
============
The failed code was:
extern void deflate(void);
int main(void) {
deflate();
return 0;
}
============
Failed: ccache /usr/bin/ccache /home/muammar/.android-ndk-arm64/r29/toolchains/llvm/prebuilt/linux-x86_64/bin/clang -target aarch64-linux-android23 -fomit-frame-pointer -march=armv8-a -fPIC -c -fsanitize=bounds-strict -target aarch64-linux-android23 -fomit-frame-pointer -march=armv8-a -fPIC -DANDROID -I/home/muammar/.android-ndk-arm64/r29/toolchains/llvm/prebuilt/linux-x86_64/sysroot/usr/include -I/home/muammar/aplikasiMp3/.buildozer/android/platform/build-arm64-v8a/build/other_builds/python3/arm64-v8a__ndk_target_23/python3/android-build/android-root/include/python3.14 conftest__.c -o conftest__.o
clang: error: unsupported argument 'bounds-strict' to option '-fsanitize='
child process exited abnormally
============
The failed code was:
int main(void) {

return 0;
}
============
Failed: ccache /usr/bin/ccache /home/muammar/.android-ndk-arm64/r29/toolchains/llvm/prebuilt/linux-x86_64/bin/clang -target aarch64-linux-android23 -fomit-frame-pointer -march=armv8-a -fPIC -L/home/muammar/aplikasiMp3/.buildozer/android/platform/build-arm64-v8a/build/libs_collections/amarPlayer/arm64-v8a -target aarch64-linux-android23 -fomit-frame-pointer -march=armv8-a -fPIC conftest__.c -o conftest__
conftest__.c:1:13: warning: incompatible redeclaration of library function 'ceil' [-Wincompatible-library-redeclaration]
    1 | extern void ceil(void);
      |             ^
conftest__.c:1:13: note: 'ceil' is a builtin with type 'double (double)'
1 warning generated.
ld.lld: error: undefined symbol: ceil
>>> referenced by conftest__.c
>>>               /tmp/conftest__-ba2d7a.o:(main)
clang: error: linker command failed with exit code 1 (use -v to see invocation)
child process exited abnormally
============
The failed code was:
extern void ceil(void);
int main(void) {
ceil();
return 0;
}
============
